// Jest Snapshot v1, https://goo.gl/fbAQLP

exports[`matches snapshot 1`] = `
<div
  data-testid="homepage-1"
>
  <div>
    <h1
      style={
        Object {
          "color": "white",
          "marginTop": "20px",
          "textAlign": "center",
        }
      }
    >
      SIGNIFY
    </h1>
  </div>
  <div
    className="container-fluid"
  >
    <div
      className="row justify-content-md-center"
    />
  </div>
</div>
`;
