// Jest Snapshot v1, https://goo.gl/fbAQLP

exports[`matches snapshot 1`] = `
<div
  data-testid="homepage-1"
>
  <div>
    <h1
      style={
        Object {
          "marginTop": "20px",
          "textAlign": "center",
        }
      }
    >
      Signify
    </h1>
  </div>
  <div
    style={
      Object {
        "margin": "50px",
      }
    }
  >
    <div
      className="row"
    />
  </div>
</div>
`;
